Server running on http://localhost:3001
Processing reorder for 3 categories: [ 7, 1, 13 ]
Updated ID 7 to sort_order 0. Changes: 1
Updated ID 1 to sort_order 1. Changes: 1
Updated ID 13 to sort_order 2. Changes: 1
Processing reorder for 17 categories: [
   9,  2,  7, 10,  4, 3, 16,
  15, 14,  6, 11, 12, 5,  8,
  17,  1, 13
]
Updated ID 9 to sort_order 0. Changes: 1
Updated ID 2 to sort_order 1. Changes: 1
Updated ID 7 to sort_order 2. Changes: 1
Updated ID 10 to sort_order 3. Changes: 1
Updated ID 4 to sort_order 4. Changes: 1
Updated ID 3 to sort_order 5. Changes: 1
Updated ID 16 to sort_order 6. Changes: 1
Updated ID 15 to sort_order 7. Changes: 1
Updated ID 14 to sort_order 8. Changes: 1
Updated ID 6 to sort_order 9. Changes: 1
Updated ID 11 to sort_order 10. Changes: 1
Updated ID 12 to sort_order 11. Changes: 1
Updated ID 5 to sort_order 12. Changes: 1
Updated ID 8 to sort_order 13. Changes: 1
Updated ID 17 to sort_order 14. Changes: 1
Updated ID 1 to sort_order 15. Changes: 1
Updated ID 13 to sort_order 16. Changes: 1
Processing reorder for 17 categories: [
   9,  1,  2, 7, 10,  4, 3,
  16, 15, 14, 6, 11, 12, 5,
   8, 17, 13
]
Updated ID 9 to sort_order 0. Changes: 1
Updated ID 1 to sort_order 1. Changes: 1
Updated ID 2 to sort_order 2. Changes: 1
Updated ID 7 to sort_order 3. Changes: 1
Updated ID 10 to sort_order 4. Changes: 1
Updated ID 4 to sort_order 5. Changes: 1
Updated ID 3 to sort_order 6. Changes: 1
Updated ID 16 to sort_order 7. Changes: 1
Updated ID 15 to sort_order 8. Changes: 1
Updated ID 14 to sort_order 9. Changes: 1
Updated ID 6 to sort_order 10. Changes: 1
Updated ID 11 to sort_order 11. Changes: 1
Updated ID 12 to sort_order 12. Changes: 1
Updated ID 5 to sort_order 13. Changes: 1
Updated ID 8 to sort_order 14. Changes: 1
Updated ID 17 to sort_order 15. Changes: 1
Updated ID 13 to sort_order 16. Changes: 1
Processing reorder for 17 categories: [
   9,  1,  3, 2,  7, 10, 4,
  16, 15, 14, 6, 11, 12, 5,
   8, 17, 13
]
Updated ID 9 to sort_order 0. Changes: 1
Updated ID 1 to sort_order 1. Changes: 1
Updated ID 3 to sort_order 2. Changes: 1
Updated ID 2 to sort_order 3. Changes: 1
Updated ID 7 to sort_order 4. Changes: 1
Updated ID 10 to sort_order 5. Changes: 1
Updated ID 4 to sort_order 6. Changes: 1
Updated ID 16 to sort_order 7. Changes: 1
Updated ID 15 to sort_order 8. Changes: 1
Updated ID 14 to sort_order 9. Changes: 1
Updated ID 6 to sort_order 10. Changes: 1
Updated ID 11 to sort_order 11. Changes: 1
Updated ID 12 to sort_order 12. Changes: 1
Updated ID 5 to sort_order 13. Changes: 1
Updated ID 8 to sort_order 14. Changes: 1
Updated ID 17 to sort_order 15. Changes: 1
Updated ID 13 to sort_order 16. Changes: 1
Processing reorder for 17 categories: [
   9,  1,  3, 4,  2,  7, 10,
  16, 15, 14, 6, 11, 12,  5,
   8, 17, 13
]
Updated ID 9 to sort_order 0. Changes: 1
Updated ID 1 to sort_order 1. Changes: 1
Updated ID 3 to sort_order 2. Changes: 1
Updated ID 4 to sort_order 3. Changes: 1
Updated ID 2 to sort_order 4. Changes: 1
Updated ID 7 to sort_order 5. Changes: 1
Updated ID 10 to sort_order 6. Changes: 1
Updated ID 16 to sort_order 7. Changes: 1
Updated ID 15 to sort_order 8. Changes: 1
Updated ID 14 to sort_order 9. Changes: 1
Updated ID 6 to sort_order 10. Changes: 1
Updated ID 11 to sort_order 11. Changes: 1
Updated ID 12 to sort_order 12. Changes: 1
Updated ID 5 to sort_order 13. Changes: 1
Updated ID 8 to sort_order 14. Changes: 1
Updated ID 17 to sort_order 15. Changes: 1
Updated ID 13 to sort_order 16. Changes: 1
Processing reorder for 17 categories: [
   9,  1,  3, 4,  7,  2, 10,
  16, 15, 14, 6, 11, 12,  5,
   8, 17, 13
]
Updated ID 9 to sort_order 0. Changes: 1
Updated ID 1 to sort_order 1. Changes: 1
Updated ID 3 to sort_order 2. Changes: 1
Updated ID 4 to sort_order 3. Changes: 1
Updated ID 7 to sort_order 4. Changes: 1
Updated ID 2 to sort_order 5. Changes: 1
Updated ID 10 to sort_order 6. Changes: 1
Updated ID 16 to sort_order 7. Changes: 1
Updated ID 15 to sort_order 8. Changes: 1
Updated ID 14 to sort_order 9. Changes: 1
Updated ID 6 to sort_order 10. Changes: 1
Updated ID 11 to sort_order 11. Changes: 1
Updated ID 12 to sort_order 12. Changes: 1
Updated ID 5 to sort_order 13. Changes: 1
Updated ID 8 to sort_order 14. Changes: 1
Updated ID 17 to sort_order 15. Changes: 1
Updated ID 13 to sort_order 16. Changes: 1
Processing reorder for 17 categories: [
   9,  1,  3,  4, 7,  8,  2,
  10, 16, 15, 14, 6, 11, 12,
   5, 17, 13
]
Updated ID 9 to sort_order 0. Changes: 1
Updated ID 1 to sort_order 1. Changes: 1
Updated ID 3 to sort_order 2. Changes: 1
Updated ID 4 to sort_order 3. Changes: 1
Updated ID 7 to sort_order 4. Changes: 1
Updated ID 8 to sort_order 5. Changes: 1
Updated ID 2 to sort_order 6. Changes: 1
Updated ID 10 to sort_order 7. Changes: 1
Updated ID 16 to sort_order 8. Changes: 1
Updated ID 15 to sort_order 9. Changes: 1
Updated ID 14 to sort_order 10. Changes: 1
Updated ID 6 to sort_order 11. Changes: 1
Updated ID 11 to sort_order 12. Changes: 1
Updated ID 12 to sort_order 13. Changes: 1
Updated ID 5 to sort_order 14. Changes: 1
Updated ID 17 to sort_order 15. Changes: 1
Updated ID 13 to sort_order 16. Changes: 1
Processing reorder for 17 categories: [
  9,  1,  3,  4, 7,  8, 10,
  2, 16, 15, 14, 6, 11, 12,
  5, 17, 13
]
Updated ID 9 to sort_order 0. Changes: 1
Updated ID 1 to sort_order 1. Changes: 1
Updated ID 3 to sort_order 2. Changes: 1
Updated ID 4 to sort_order 3. Changes: 1
Updated ID 7 to sort_order 4. Changes: 1
Updated ID 8 to sort_order 5. Changes: 1
Updated ID 10 to sort_order 6. Changes: 1
Updated ID 2 to sort_order 7. Changes: 1
Updated ID 16 to sort_order 8. Changes: 1
Updated ID 15 to sort_order 9. Changes: 1
Updated ID 14 to sort_order 10. Changes: 1
Updated ID 6 to sort_order 11. Changes: 1
Updated ID 11 to sort_order 12. Changes: 1
Updated ID 12 to sort_order 13. Changes: 1
Updated ID 5 to sort_order 14. Changes: 1
Updated ID 17 to sort_order 15. Changes: 1
Updated ID 13 to sort_order 16. Changes: 1
Processing reorder for 17 categories: [
   9, 1,  3,  4,  7, 8, 10,
  13, 2, 16, 15, 14, 6, 11,
  12, 5, 17
]
Updated ID 9 to sort_order 0. Changes: 1
Updated ID 1 to sort_order 1. Changes: 1
Updated ID 3 to sort_order 2. Changes: 1
Updated ID 4 to sort_order 3. Changes: 1
Updated ID 7 to sort_order 4. Changes: 1
Updated ID 8 to sort_order 5. Changes: 1
Updated ID 10 to sort_order 6. Changes: 1
Updated ID 13 to sort_order 7. Changes: 1
Updated ID 2 to sort_order 8. Changes: 1
Updated ID 16 to sort_order 9. Changes: 1
Updated ID 15 to sort_order 10. Changes: 1
Updated ID 14 to sort_order 11. Changes: 1
Updated ID 6 to sort_order 12. Changes: 1
Updated ID 11 to sort_order 13. Changes: 1
Updated ID 12 to sort_order 14. Changes: 1
Updated ID 5 to sort_order 15. Changes: 1
Updated ID 17 to sort_order 16. Changes: 1
Processing reorder for 17 categories: [
   9,  1,  3,  4, 7, 8, 10,
  13, 16, 15, 14, 2, 6, 11,
  12,  5, 17
]
Updated ID 9 to sort_order 0. Changes: 1
Updated ID 1 to sort_order 1. Changes: 1
Updated ID 3 to sort_order 2. Changes: 1
Updated ID 4 to sort_order 3. Changes: 1
Updated ID 7 to sort_order 4. Changes: 1
Updated ID 8 to sort_order 5. Changes: 1
Updated ID 10 to sort_order 6. Changes: 1
Updated ID 13 to sort_order 7. Changes: 1
Updated ID 16 to sort_order 8. Changes: 1
Updated ID 15 to sort_order 9. Changes: 1
Updated ID 14 to sort_order 10. Changes: 1
Updated ID 2 to sort_order 11. Changes: 1
Updated ID 6 to sort_order 12. Changes: 1
Updated ID 11 to sort_order 13. Changes: 1
Updated ID 12 to sort_order 14. Changes: 1
Updated ID 5 to sort_order 15. Changes: 1
Updated ID 17 to sort_order 16. Changes: 1
Processing reorder for 17 categories: [
   9,  1,  3,  4, 7, 8, 10,
  13, 14, 16, 15, 2, 6, 11,
  12,  5, 17
]
Updated ID 9 to sort_order 0. Changes: 1
Updated ID 1 to sort_order 1. Changes: 1
Updated ID 3 to sort_order 2. Changes: 1
Updated ID 4 to sort_order 3. Changes: 1
Updated ID 7 to sort_order 4. Changes: 1
Updated ID 8 to sort_order 5. Changes: 1
Updated ID 10 to sort_order 6. Changes: 1
Updated ID 13 to sort_order 7. Changes: 1
Updated ID 14 to sort_order 8. Changes: 1
Updated ID 16 to sort_order 9. Changes: 1
Updated ID 15 to sort_order 10. Changes: 1
Updated ID 2 to sort_order 11. Changes: 1
Updated ID 6 to sort_order 12. Changes: 1
Updated ID 11 to sort_order 13. Changes: 1
Updated ID 12 to sort_order 14. Changes: 1
Updated ID 5 to sort_order 15. Changes: 1
Updated ID 17 to sort_order 16. Changes: 1
Processing reorder for 17 categories: [
   9,  1,  3,  4,  7, 8, 10,
  13, 11, 14, 16, 15, 2,  6,
  12,  5, 17
]
Updated ID 9 to sort_order 0. Changes: 1
Updated ID 1 to sort_order 1. Changes: 1
Updated ID 3 to sort_order 2. Changes: 1
Updated ID 4 to sort_order 3. Changes: 1
Updated ID 7 to sort_order 4. Changes: 1
Updated ID 8 to sort_order 5. Changes: 1
Updated ID 10 to sort_order 6. Changes: 1
Updated ID 13 to sort_order 7. Changes: 1
Updated ID 11 to sort_order 8. Changes: 1
Updated ID 14 to sort_order 9. Changes: 1
Updated ID 16 to sort_order 10. Changes: 1
Updated ID 15 to sort_order 11. Changes: 1
Updated ID 2 to sort_order 12. Changes: 1
Updated ID 6 to sort_order 13. Changes: 1
Updated ID 12 to sort_order 14. Changes: 1
Updated ID 5 to sort_order 15. Changes: 1
Updated ID 17 to sort_order 16. Changes: 1
