[DB] Migrated income_sources: added sort_order column
Server running on http://localhost:3002
WebSocket connected: user 1
WebSocket connected: user 1
Backup created for user 1
WebSocket disconnected: user 1
WebSocket connected: user 1
WebSocket disconnected: user 1
WebSocket connected: user 1
WebSocket disconnected: user 1
WebSocket connected: user 1
WebSocket connected: user 1
WebSocket disconnected: user 1
WebSocket disconnected: user 1
WebSocket connected: user 1
WebSocket disconnected: user 1
WebSocket disconnected: user 1
Backup created for user 1
WebSocket connected: user 1
WebSocket disconnected: user 1
Backup created for user 1
WebSocket connected: user 1
WebSocket connected: user 1
WebSocket disconnected: user 1
WebSocket disconnected: user 1
WebSocket connected: user 1
WebSocket disconnected: user 1
WebSocket connected: user 1
WebSocket disconnected: user 1
Backup created for user 1
WebSocket connected: user 1
WebSocket disconnected: user 1
WebSocket connected: user 1
WebSocket disconnected: user 1
Backup created for user 1
WebSocket connected: user 1
Backup created for user 1
WebSocket disconnected: user 1
WebSocket connected: user 1
WebSocket disconnected: user 1
WebSocket connected: user 1
WebSocket connected: user 1
Backup created for user 1
WebSocket disconnected: user 1
WebSocket disconnected: user 1
WebSocket connected: user 1
WebSocket connected: user 1
WebSocket disconnected: user 1
WebSocket connected: user 1
Backup created for user 1
WebSocket disconnected: user 1
WebSocket disconnected: user 1
WebSocket connected: user 1
